file errors
